
Memory Configuration

Name             Origin             Length             Attributes
*default*        0x0000000000000000 0xffffffffffffffff

Linker script and memory map

LOAD c:/devkitpro/devkitarm/bin/../lib/gcc/arm-none-eabi/11.1.0\libgcc.a
LOAD custom_models.o
LOAD entrance.o
LOAD giants_knife.o
LOAD icetrap.o
LOAD item_effect.o
LOAD item_override.o
LOAD item_table.o
LOAD item_upgrade.o
LOAD message.o
LOAD objects.o
LOAD rHeap.o
LOAD savefile.o
LOAD settings.o
LOAD spoiler_data.o
                0x0000000000100000                . = 0x100000

.glue_7         0x0000000000100000        0x0
 .glue_7        0x0000000000100000        0x0 linker stubs

.glue_7t        0x0000000000100000        0x0
 .glue_7t       0x0000000000100000        0x0 linker stubs

.vfp11_veneer   0x0000000000100000        0x0
 .vfp11_veneer  0x0000000000100000        0x0 linker stubs

.v4_bx          0x0000000000100000        0x0
 .v4_bx         0x0000000000100000        0x0 linker stubs

.text           0x0000000000100000        0x0
 .text          0x0000000000100000        0x0 custom_models.o
 .text          0x0000000000100000        0x0 entrance.o
 .text          0x0000000000100000        0x0 giants_knife.o
 .text          0x0000000000100000        0x0 icetrap.o
 .text          0x0000000000100000        0x0 item_effect.o
 .text          0x0000000000100000        0x0 item_override.o
 .text          0x0000000000100000        0x0 item_table.o
 .text          0x0000000000100000        0x0 item_upgrade.o
 .text          0x0000000000100000        0x0 message.o
 .text          0x0000000000100000        0x0 objects.o
 .text          0x0000000000100000        0x0 rHeap.o
 .text          0x0000000000100000        0x0 savefile.o
 .text          0x0000000000100000        0x0 settings.o
 .text          0x0000000000100000        0x0 spoiler_data.o

.text.CustomModel_EditLinkToCustomTunic
                0x0000000000100000      0x198
 .text.CustomModel_EditLinkToCustomTunic
                0x0000000000100000      0x198 custom_models.o
                0x0000000000100000                CustomModel_EditLinkToCustomTunic

.text.CustomModel_EditChildLinkToCustomTunic
                0x0000000000100198      0x16c
 .text.CustomModel_EditChildLinkToCustomTunic
                0x0000000000100198      0x16c custom_models.o
                0x0000000000100198                CustomModel_EditChildLinkToCustomTunic

.text.CustomModel_EditHeartContainerToDoubleDefense
                0x0000000000100304      0x14c
 .text.CustomModel_EditHeartContainerToDoubleDefense
                0x0000000000100304      0x14c custom_models.o
                0x0000000000100304                CustomModel_EditHeartContainerToDoubleDefense

.text.CustomModel_ApplyColorEditsToSmallKey
                0x0000000000100450       0x88
 .text.CustomModel_ApplyColorEditsToSmallKey
                0x0000000000100450       0x88 custom_models.o
                0x0000000000100450                CustomModel_ApplyColorEditsToSmallKey

.text.CustomModel_EditTitleScreenLogo
                0x00000000001004d8      0x570
 .text.CustomModel_EditTitleScreenLogo
                0x00000000001004d8      0x570 custom_models.o
                0x00000000001004d8                CustomModel_EditTitleScreenLogo

.text.CustomModel_SetOcarinaToRGBA565
                0x0000000000100a48       0x40
 .text.CustomModel_SetOcarinaToRGBA565
                0x0000000000100a48       0x40 custom_models.o
                0x0000000000100a48                CustomModel_SetOcarinaToRGBA565

.text.CustomModel_SetBossKeyToRGBA565
                0x0000000000100a88       0x80
 .text.CustomModel_SetBossKeyToRGBA565
                0x0000000000100a88       0x80 custom_models.o
                0x0000000000100a88                CustomModel_SetBossKeyToRGBA565

.text.CustomModel_Update
                0x0000000000100b08        0x8
 .text.CustomModel_Update
                0x0000000000100b08        0x8 custom_models.o
                0x0000000000100b08                CustomModel_Update

.iplt           0x0000000000100b10        0x0
 .iplt          0x0000000000100b10        0x0 custom_models.o

.text.Entrance_SetNewDungeonEntrances
                0x0000000000100b10      0x1e8
 .text.Entrance_SetNewDungeonEntrances
                0x0000000000100b10      0x1e8 entrance.o

.text.Scene_Init
                0x0000000000100cf8       0x40
 .text.Scene_Init
                0x0000000000100cf8       0x40 entrance.o
                0x0000000000100cf8                Scene_Init

.text.Entrance_Init
                0x0000000000100d38      0x250
 .text.Entrance_Init
                0x0000000000100d38      0x250 entrance.o
                0x0000000000100d38                Entrance_Init

.text.Entrance_DeathInGanonBattle
                0x0000000000100f88        0x8
 .text.Entrance_DeathInGanonBattle
                0x0000000000100f88        0x8 entrance.o
                0x0000000000100f88                Entrance_DeathInGanonBattle

.text.Entrance_GetRequiemEntrance
                0x0000000000100f90       0x14
 .text.Entrance_GetRequiemEntrance
                0x0000000000100f90       0x14 entrance.o
                0x0000000000100f90                Entrance_GetRequiemEntrance

.text.Entrance_GetLWBridgeEntranceFromKokiriForest
                0x0000000000100fa4       0x14
 .text.Entrance_GetLWBridgeEntranceFromKokiriForest
                0x0000000000100fa4       0x14 entrance.o
                0x0000000000100fa4                Entrance_GetLWBridgeEntranceFromKokiriForest

.text.Entrance_IsLostWoodsBridge
                0x0000000000100fb8       0x50
 .text.Entrance_IsLostWoodsBridge
                0x0000000000100fb8       0x50 entrance.o
                0x0000000000100fb8                Entrance_IsLostWoodsBridge

.text.Entrance_SetGameOverEntrance
                0x0000000000101008      0x1b0
 .text.Entrance_SetGameOverEntrance
                0x0000000000101008      0x1b0 entrance.o
                0x0000000000101008                Entrance_SetGameOverEntrance

.text.Entrance_SetSavewarpEntrance
                0x00000000001011b8       0x20
 .text.Entrance_SetSavewarpEntrance
                0x00000000001011b8       0x20 entrance.o
                0x00000000001011b8                Entrance_SetSavewarpEntrance

.text.EnableFW  0x00000000001011d8        0x8
 .text.EnableFW
                0x00000000001011d8        0x8 entrance.o
                0x00000000001011d8                EnableFW

.text.GK_SetDurability
                0x00000000001011e0       0xa4
 .text.GK_SetDurability
                0x00000000001011e0       0xa4 giants_knife.o
                0x00000000001011e0                GK_SetDurability

.text.IceTrap_IsPending
                0x0000000000101284       0x24
 .text.IceTrap_IsPending
                0x0000000000101284       0x24 icetrap.o
                0x0000000000101284                IceTrap_IsPending

.text.IceTrap_Push
                0x00000000001012a8       0x44
 .text.IceTrap_Push
                0x00000000001012a8       0x44 icetrap.o
                0x00000000001012a8                IceTrap_Push

.text.LinkDamageNoKnockback
                0x00000000001012ec        0x8
 .text.LinkDamageNoKnockback
                0x00000000001012ec        0x8 icetrap.o
                0x00000000001012ec                LinkDamageNoKnockback

.text.IceTrap_Give
                0x00000000001012f4        0x8
 .text.IceTrap_Give
                0x00000000001012f4        0x8 icetrap.o
                0x00000000001012f4                IceTrap_Give

.text.IceTrap_Update
                0x00000000001012fc        0x8
 .text.IceTrap_Update
                0x00000000001012fc        0x8 icetrap.o
                0x00000000001012fc                IceTrap_Update

.text.ItemEffect_None
                0x0000000000101304       0x24
 .text.ItemEffect_None
                0x0000000000101304       0x24 item_effect.o
                0x0000000000101304                ItemEffect_None

.text.ItemEffect_FullHeal
                0x0000000000101328       0x60
 .text.ItemEffect_FullHeal
                0x0000000000101328       0x60 item_effect.o
                0x0000000000101328                ItemEffect_FullHeal

.text.ItemEffect_GiveTycoonWallet
                0x0000000000101388       0x5c
 .text.ItemEffect_GiveTycoonWallet
                0x0000000000101388       0x5c item_effect.o
                0x0000000000101388                ItemEffect_GiveTycoonWallet

.text.ItemEffect_GiveBiggoronSword
                0x00000000001013e4       0x30
 .text.ItemEffect_GiveBiggoronSword
                0x00000000001013e4       0x30 item_effect.o
                0x00000000001013e4                ItemEffect_GiveBiggoronSword

.text.ItemEffect_GiveBottle
                0x0000000000101414       0x84
 .text.ItemEffect_GiveBottle
                0x0000000000101414       0x84 item_effect.o
                0x0000000000101414                ItemEffect_GiveBottle

.text.ItemEffect_GiveDungeonItem
                0x0000000000101498       0x60
 .text.ItemEffect_GiveDungeonItem
                0x0000000000101498       0x60 item_effect.o
                0x0000000000101498                ItemEffect_GiveDungeonItem

.text.ItemEffect_GiveSmallKey
                0x00000000001014f8       0x70
 .text.ItemEffect_GiveSmallKey
                0x00000000001014f8       0x70 item_effect.o
                0x00000000001014f8                ItemEffect_GiveSmallKey

.text.ItemEffect_GiveDefense
                0x0000000000101568       0x6c
 .text.ItemEffect_GiveDefense
                0x0000000000101568       0x6c item_effect.o
                0x0000000000101568                ItemEffect_GiveDefense

.text.ItemEffect_GiveMagic
                0x00000000001015d4       0x60
 .text.ItemEffect_GiveMagic
                0x00000000001015d4       0x60 item_effect.o
                0x00000000001015d4                ItemEffect_GiveMagic

.text.ItemEffect_GiveDoubleMagic
                0x0000000000101634       0x6c
 .text.ItemEffect_GiveDoubleMagic
                0x0000000000101634       0x6c item_effect.o
                0x0000000000101634                ItemEffect_GiveDoubleMagic

.text.ItemEffect_GiveFairyOcarina
                0x00000000001016a0       0x30
 .text.ItemEffect_GiveFairyOcarina
                0x00000000001016a0       0x30 item_effect.o
                0x00000000001016a0                ItemEffect_GiveFairyOcarina

.text.ItemEffect_GiveSong
                0x00000000001016d0       0xa4
 .text.ItemEffect_GiveSong
                0x00000000001016d0       0xa4 item_effect.o
                0x00000000001016d0                ItemEffect_GiveSong

.text.ItemEffect_IceTrap
                0x0000000000101774       0x40
 .text.ItemEffect_IceTrap
                0x0000000000101774       0x40 item_effect.o
                0x0000000000101774                ItemEffect_IceTrap

.text.ItemEffect_BeanPack
                0x00000000001017b4       0x50
 .text.ItemEffect_BeanPack
                0x00000000001017b4       0x50 item_effect.o
                0x00000000001017b4                ItemEffect_BeanPack

.text.ItemEffect_GiveUpgrade
                0x0000000000101804      0x290
 .text.ItemEffect_GiveUpgrade
                0x0000000000101804      0x290 item_effect.o
                0x0000000000101804                ItemEffect_GiveUpgrade

.text.ItemEffect_FillWalletUpgrade
                0x0000000000101a94       0x84
 .text.ItemEffect_FillWalletUpgrade
                0x0000000000101a94       0x84 item_effect.o
                0x0000000000101a94                ItemEffect_FillWalletUpgrade

.text.ItemEffect_OpenMaskShop
                0x0000000000101b18      0x148
 .text.ItemEffect_OpenMaskShop
                0x0000000000101b18      0x148 item_effect.o
                0x0000000000101b18                ItemEffect_OpenMaskShop

.text.MakeSpaceInItemMenu
                0x0000000000101c60      0x1c8
 .text.MakeSpaceInItemMenu
                0x0000000000101c60      0x1c8 item_effect.o

.text.PushSlotIntoInventoryMenu
                0x0000000000101e28      0x1b4
 .text.PushSlotIntoInventoryMenu
                0x0000000000101e28      0x1b4 item_effect.o

.text.ItemEffect_PlaceMagicArrowsInInventory
                0x0000000000101fdc       0x24
 .text.ItemEffect_PlaceMagicArrowsInInventory
                0x0000000000101fdc       0x24 item_effect.o
                0x0000000000101fdc                ItemEffect_PlaceMagicArrowsInInventory

.text.ItemEffect_GiveChildKokiriSword
                0x0000000000102000       0x30
 .text.ItemEffect_GiveChildKokiriSword
                0x0000000000102000       0x30 item_effect.o
                0x0000000000102000                ItemEffect_GiveChildKokiriSword

.text.ItemEffect_GiveStone
                0x0000000000102030       0x48
 .text.ItemEffect_GiveStone
                0x0000000000102030       0x48 item_effect.o
                0x0000000000102030                ItemEffect_GiveStone

.text.ItemEffect_GiveMedallion
                0x0000000000102078       0x3c
 .text.ItemEffect_GiveMedallion
                0x0000000000102078       0x3c item_effect.o
                0x0000000000102078                ItemEffect_GiveMedallion

.text.ItemEffect_MoveNabooru
                0x00000000001020b4       0x54
 .text.ItemEffect_MoveNabooru
                0x00000000001020b4       0x54 item_effect.o
                0x00000000001020b4                ItemEffect_MoveNabooru

.text.ItemEffect_GrannySellsPotions
                0x0000000000102108       0x54
 .text.ItemEffect_GrannySellsPotions
                0x0000000000102108       0x54 item_effect.o
                0x0000000000102108                ItemEffect_GrannySellsPotions

.text.ItemEffect_OwnAdultTrade
                0x000000000010215c       0x6c
 .text.ItemEffect_OwnAdultTrade
                0x000000000010215c       0x6c item_effect.o
                0x000000000010215c                ItemEffect_OwnAdultTrade

.text.ItemOverride_Init
                0x00000000001021c8       0xe0
 .text.ItemOverride_Init
                0x00000000001021c8       0xe0 item_override.o
                0x00000000001021c8                ItemOverride_Init

.text.ItemOverride_GetSearchKey
                0x00000000001022a8      0x23c
 .text.ItemOverride_GetSearchKey
                0x00000000001022a8      0x23c item_override.o

.text.ItemOverride_LookupByKey
                0x00000000001024e4       0xf0
 .text.ItemOverride_LookupByKey
                0x00000000001024e4       0xf0 item_override.o
                0x00000000001024e4                ItemOverride_LookupByKey

.text.ItemOverride_Lookup
                0x00000000001025d4       0x84
 .text.ItemOverride_Lookup
                0x00000000001025d4       0x84 item_override.o
                0x00000000001025d4                ItemOverride_Lookup

.text.ItemOverride_Activate
                0x0000000000102658      0x128
 .text.ItemOverride_Activate
                0x0000000000102658      0x128 item_override.o

.text.ItemOverride_Clear
                0x0000000000102780       0x88
 .text.ItemOverride_Clear
                0x0000000000102780       0x88 item_override.o

.text.ItemOverride_PushPendingOverride
                0x0000000000102808       0x94
 .text.ItemOverride_PushPendingOverride
                0x0000000000102808       0x94 item_override.o

.text.ItemOverride_IsAPendingOverride
                0x000000000010289c       0x24
 .text.ItemOverride_IsAPendingOverride
                0x000000000010289c       0x24 item_override.o
                0x000000000010289c                ItemOverride_IsAPendingOverride

.text.ItemOverride_PushDelayedOverride
                0x00000000001028c0       0x64
 .text.ItemOverride_PushDelayedOverride
                0x00000000001028c0       0x64 item_override.o
                0x00000000001028c0                ItemOverride_PushDelayedOverride

.text.ItemOverride_PopPendingOverride
                0x0000000000102924       0x50
 .text.ItemOverride_PopPendingOverride
                0x0000000000102924       0x50 item_override.o

.text.ItemOverride_AfterKeyReceived
                0x0000000000102974      0x160
 .text.ItemOverride_AfterKeyReceived
                0x0000000000102974      0x160 item_override.o

.text.ItemOverride_PopIceTrap
                0x0000000000102ad4       0x54
 .text.ItemOverride_PopIceTrap
                0x0000000000102ad4       0x54 item_override.o

.text.ItemOverride_AfterItemReceived
                0x0000000000102b28       0x40
 .text.ItemOverride_AfterItemReceived
                0x0000000000102b28       0x40 item_override.o
                0x0000000000102b28                ItemOverride_AfterItemReceived

.text.ItemOverride_PlayerIsReady
                0x0000000000102b68        0xc
 .text.ItemOverride_PlayerIsReady
                0x0000000000102b68        0xc item_override.o

.text.ItemOverride_TryPendingItem
                0x0000000000102b74        0x8
 .text.ItemOverride_TryPendingItem
                0x0000000000102b74        0x8 item_override.o

.text.ItemOverride_Update
                0x0000000000102b7c       0x4c
 .text.ItemOverride_Update
                0x0000000000102b7c       0x4c item_override.o
                0x0000000000102b7c                ItemOverride_Update

.text.ItemOverride_GetItem
                0x0000000000102bc8       0x20
 .text.ItemOverride_GetItem
                0x0000000000102bc8       0x20 item_override.o
                0x0000000000102bc8                ItemOverride_GetItem

.text.ItemOverride_GetItemTextAndItemID
                0x0000000000102be8       0x14
 .text.ItemOverride_GetItemTextAndItemID
                0x0000000000102be8       0x14 item_override.o
                0x0000000000102be8                ItemOverride_GetItemTextAndItemID

.text.ItemOverride_GetSkulltulaToken
                0x0000000000102bfc       0x14
 .text.ItemOverride_GetSkulltulaToken
                0x0000000000102bfc       0x14 item_override.o
                0x0000000000102bfc                ItemOverride_GetSkulltulaToken

.text.ItemOverride_EditDrawGetItemBeforeModelSpawn
                0x0000000000102c10        0x8
 .text.ItemOverride_EditDrawGetItemBeforeModelSpawn
                0x0000000000102c10        0x8 item_override.o
                0x0000000000102c10                ItemOverride_EditDrawGetItemBeforeModelSpawn

.text.ItemOverride_EditDrawGetItemAfterModelSpawn
                0x0000000000102c18      0x194
 .text.ItemOverride_EditDrawGetItemAfterModelSpawn
                0x0000000000102c18      0x194 item_override.o
                0x0000000000102c18                ItemOverride_EditDrawGetItemAfterModelSpawn

.text.ItemOverride_GiveSariasGift
                0x0000000000102dac       0x6c
 .text.ItemOverride_GiveSariasGift
                0x0000000000102dac       0x6c item_override.o
                0x0000000000102dac                ItemOverride_GiveSariasGift

.text.ItemOverride_CheckZeldasLetter
                0x0000000000102e18        0x8
 .text.ItemOverride_CheckZeldasLetter
                0x0000000000102e18        0x8 item_override.o
                0x0000000000102e18                ItemOverride_CheckZeldasLetter

.text.ItemOverride_PushDungeonReward
                0x0000000000102e20       0x58
 .text.ItemOverride_PushDungeonReward
                0x0000000000102e20       0x58 item_override.o
                0x0000000000102e20                ItemOverride_PushDungeonReward

.text.ItemOverride_CheckStartingItem
                0x0000000000102e78       0x54
 .text.ItemOverride_CheckStartingItem
                0x0000000000102e78       0x54 item_override.o
                0x0000000000102e78                ItemOverride_CheckStartingItem

.text.ItemTable_GetItemRow
                0x0000000000102ecc       0x6c
 .text.ItemTable_GetItemRow
                0x0000000000102ecc       0x6c item_table.o
                0x0000000000102ecc                ItemTable_GetItemRow

.text.ItemTable_GetItemRowFromIndex
                0x0000000000102f38       0x38
 .text.ItemTable_GetItemRowFromIndex
                0x0000000000102f38       0x38 item_table.o
                0x0000000000102f38                ItemTable_GetItemRowFromIndex

.text.ItemTable_SetBombchusChestType
                0x0000000000102f70       0x28
 .text.ItemTable_SetBombchusChestType
                0x0000000000102f70       0x28 item_table.o
                0x0000000000102f70                ItemTable_SetBombchusChestType

.text.ItemTable_ResolveUpgrades
                0x0000000000102f98       0x74
 .text.ItemTable_ResolveUpgrades
                0x0000000000102f98       0x74 item_table.o
                0x0000000000102f98                ItemTable_ResolveUpgrades

.text.ItemTable_CallEffect
                0x000000000010300c       0x3c
 .text.ItemTable_CallEffect
                0x000000000010300c       0x3c item_table.o
                0x000000000010300c                ItemTable_CallEffect

.text.ItemUpgrade_None
                0x0000000000103048       0x20
 .text.ItemUpgrade_None
                0x0000000000103048       0x20 item_upgrade.o
                0x0000000000103048                ItemUpgrade_None

.text.ItemUpgrade_Hookshot
                0x0000000000103068       0x38
 .text.ItemUpgrade_Hookshot
                0x0000000000103068       0x38 item_upgrade.o
                0x0000000000103068                ItemUpgrade_Hookshot

.text.ItemUpgrade_Strength
                0x00000000001030a0       0x54
 .text.ItemUpgrade_Strength
                0x00000000001030a0       0x54 item_upgrade.o
                0x00000000001030a0                ItemUpgrade_Strength

.text.ItemUpgrade_BombBag
                0x00000000001030f4       0x54
 .text.ItemUpgrade_BombBag
                0x00000000001030f4       0x54 item_upgrade.o
                0x00000000001030f4                ItemUpgrade_BombBag

.text.ItemUpgrade_Quiver
                0x0000000000103148       0x50
 .text.ItemUpgrade_Quiver
                0x0000000000103148       0x50 item_upgrade.o
                0x0000000000103148                ItemUpgrade_Quiver

.text.ItemUpgrade_BulletBag
                0x0000000000103198       0x54
 .text.ItemUpgrade_BulletBag
                0x0000000000103198       0x54 item_upgrade.o
                0x0000000000103198                ItemUpgrade_BulletBag

.text.ItemUpgrade_Wallet
                0x00000000001031ec       0x54
 .text.ItemUpgrade_Wallet
                0x00000000001031ec       0x54 item_upgrade.o
                0x00000000001031ec                ItemUpgrade_Wallet

.text.ItemUpgrade_Scale
                0x0000000000103240       0x40
 .text.ItemUpgrade_Scale
                0x0000000000103240       0x40 item_upgrade.o
                0x0000000000103240                ItemUpgrade_Scale

.text.ItemUpgrade_Nuts
                0x0000000000103280       0x54
 .text.ItemUpgrade_Nuts
                0x0000000000103280       0x54 item_upgrade.o
                0x0000000000103280                ItemUpgrade_Nuts

.text.ItemUpgrade_Sticks
                0x00000000001032d4       0x54
 .text.ItemUpgrade_Sticks
                0x00000000001032d4       0x54 item_upgrade.o
                0x00000000001032d4                ItemUpgrade_Sticks

.text.ItemUpgrade_Magic
                0x0000000000103328       0x38
 .text.ItemUpgrade_Magic
                0x0000000000103328       0x38 item_upgrade.o
                0x0000000000103328                ItemUpgrade_Magic

.text.ItemUpgrade_Bombchu
                0x0000000000103360       0x50
 .text.ItemUpgrade_Bombchu
                0x0000000000103360       0x50 item_upgrade.o
                0x0000000000103360                ItemUpgrade_Bombchu

.text.ItemUpgrade_Ocarina
                0x00000000001033b0       0x38
 .text.ItemUpgrade_Ocarina
                0x00000000001033b0       0x38 item_upgrade.o
                0x00000000001033b0                ItemUpgrade_Ocarina

.text.ItemUpgrade_GoronSword
                0x00000000001033e8       0x44
 .text.ItemUpgrade_GoronSword
                0x00000000001033e8       0x44 item_upgrade.o
                0x00000000001033e8                ItemUpgrade_GoronSword

.text.ItemUpgrade_ArrowsToRupee
                0x000000000010342c       0x3c
 .text.ItemUpgrade_ArrowsToRupee
                0x000000000010342c       0x3c item_upgrade.o
                0x000000000010342c                ItemUpgrade_ArrowsToRupee

.text.ItemUpgrade_BombsToRupee
                0x0000000000103468       0x40
 .text.ItemUpgrade_BombsToRupee
                0x0000000000103468       0x40 item_upgrade.o
                0x0000000000103468                ItemUpgrade_BombsToRupee

.text.ItemUpgrade_SeedsToRupee
                0x00000000001034a8       0x40
 .text.ItemUpgrade_SeedsToRupee
                0x00000000001034a8       0x40 item_upgrade.o
                0x00000000001034a8                ItemUpgrade_SeedsToRupee

.text.ItemUpgrade_TokenToRupee
                0x00000000001034e8       0x3c
 .text.ItemUpgrade_TokenToRupee
                0x00000000001034e8       0x3c item_upgrade.o
                0x00000000001034e8                ItemUpgrade_TokenToRupee

.text.ItemUpgrade_LetterToBottle
                0x0000000000103524       0x8c
 .text.ItemUpgrade_LetterToBottle
                0x0000000000103524       0x8c item_upgrade.o
                0x0000000000103524                ItemUpgrade_LetterToBottle

.text.Message_GetCustomEntry
                0x00000000001035b0      0x11c
 .text.Message_GetCustomEntry
                0x00000000001035b0      0x11c message.o
                0x00000000001035b0                Message_GetCustomEntry

.text.Message_GetCustomText
                0x00000000001036cc       0x48
 .text.Message_GetCustomText
                0x00000000001036cc       0x48 message.o
                0x00000000001036cc                Message_GetCustomText

.text.ExtendedObject_Spawn
                0x0000000000103714       0x44
 .text.ExtendedObject_Spawn
                0x0000000000103714       0x44 objects.o
                0x0000000000103714                ExtendedObject_Spawn

.text.ExtendedObject_Clear
                0x0000000000103758       0x44
 .text.ExtendedObject_Clear
                0x0000000000103758       0x44 objects.o
                0x0000000000103758                ExtendedObject_Clear

.text.ExtendedObject_GetIndex
                0x000000000010379c       0xbc
 .text.ExtendedObject_GetIndex
                0x000000000010379c       0xbc objects.o
                0x000000000010379c                ExtendedObject_GetIndex

.text.ExtendedObject_IsLoaded
                0x0000000000103858       0x7c
 .text.ExtendedObject_IsLoaded
                0x0000000000103858       0x7c objects.o
                0x0000000000103858                ExtendedObject_IsLoaded

.text.ExtendedObject_GetStatus
                0x00000000001038d4       0xa4
 .text.ExtendedObject_GetStatus
                0x00000000001038d4       0xa4 objects.o
                0x00000000001038d4                ExtendedObject_GetStatus

.text.ExtendedObject_GetCMABByIndex
                0x0000000000103978       0x20
 .text.ExtendedObject_GetCMABByIndex
                0x0000000000103978       0x20 objects.o
                0x0000000000103978                ExtendedObject_GetCMABByIndex

.text.rHeap_Init
                0x0000000000103998       0x1c
 .text.rHeap_Init
                0x0000000000103998       0x1c rHeap.o
                0x0000000000103998                rHeap_Init

.text.rHeap_Alloc
                0x00000000001039b4       0x6c
 .text.rHeap_Alloc
                0x00000000001039b4       0x6c rHeap.o
                0x00000000001039b4                rHeap_Alloc

.text.SaveFile_Init
                0x0000000000103a20      0x8c4
 .text.SaveFile_Init
                0x0000000000103a20      0x8c4 savefile.o
                0x0000000000103a20                SaveFile_Init

.text.SaveFile_SaveChildBButton
                0x00000000001042e4       0x20
 .text.SaveFile_SaveChildBButton
                0x00000000001042e4       0x20 savefile.o
                0x00000000001042e4                SaveFile_SaveChildBButton

.text.SaveFile_RestoreChildEquips
                0x0000000000104304       0x7c
 .text.SaveFile_RestoreChildEquips
                0x0000000000104304       0x7c savefile.o
                0x0000000000104304                SaveFile_RestoreChildEquips

.text.SaveFile_CheckGerudoToken
                0x0000000000104380       0x1c
 .text.SaveFile_CheckGerudoToken
                0x0000000000104380       0x1c savefile.o
                0x0000000000104380                SaveFile_CheckGerudoToken

.text.SaveFile_SwapFaroresWind
                0x000000000010439c       0xa4
 .text.SaveFile_SwapFaroresWind
                0x000000000010439c       0xa4 savefile.o
                0x000000000010439c                SaveFile_SwapFaroresWind

.text.SaveFile_GetMedallionCount
                0x0000000000104440       0x6c
 .text.SaveFile_GetMedallionCount
                0x0000000000104440       0x6c savefile.o
                0x0000000000104440                SaveFile_GetMedallionCount

.text.SaveFile_GetStoneCount
                0x00000000001044ac       0x6c
 .text.SaveFile_GetStoneCount
                0x00000000001044ac       0x6c savefile.o
                0x00000000001044ac                SaveFile_GetStoneCount

.text.SaveFile_GetDungeonCount
                0x0000000000104518      0x104
 .text.SaveFile_GetDungeonCount
                0x0000000000104518      0x104 savefile.o
                0x0000000000104518                SaveFile_GetDungeonCount

.text.SaveFile_GiveStartingBottle
                0x000000000010461c       0x88
 .text.SaveFile_GiveStartingBottle
                0x000000000010461c       0x88 savefile.o

.text.SaveFile_SetStartingInventory
                0x00000000001046a4      0x830
 .text.SaveFile_SetStartingInventory
                0x00000000001046a4      0x830 savefile.o
                0x00000000001046a4                SaveFile_SetStartingInventory

.text.SaveFile_SetTradeItemAsOwned
                0x0000000000104ed4       0x4c
 .text.SaveFile_SetTradeItemAsOwned
                0x0000000000104ed4       0x4c savefile.o
                0x0000000000104ed4                SaveFile_SetTradeItemAsOwned

.text.SaveFile_UnsetTradeItemAsOwned
                0x0000000000104f20       0x50
 .text.SaveFile_UnsetTradeItemAsOwned
                0x0000000000104f20       0x50 savefile.o
                0x0000000000104f20                SaveFile_UnsetTradeItemAsOwned

.text.SaveFile_TradeItemIsOwned
                0x0000000000104f70       0x50
 .text.SaveFile_TradeItemIsOwned
                0x0000000000104f70       0x50 savefile.o
                0x0000000000104f70                SaveFile_TradeItemIsOwned

.text.SaveFile_CheckForPocketCuccoHatch
                0x0000000000104fc0        0xc
 .text.SaveFile_CheckForPocketCuccoHatch
                0x0000000000104fc0        0xc savefile.o
                0x0000000000104fc0                SaveFile_CheckForPocketCuccoHatch

.text.SaveFile_ResetItemSlotsIfMatchesID
                0x0000000000104fcc       0xc4
 .text.SaveFile_ResetItemSlotsIfMatchesID
                0x0000000000104fcc       0xc4 savefile.o
                0x0000000000104fcc                SaveFile_ResetItemSlotsIfMatchesID

.text.SaveFile_SetOwnedTradeItemEquipped
                0x0000000000105090       0x88
 .text.SaveFile_SetOwnedTradeItemEquipped
                0x0000000000105090       0x88 savefile.o
                0x0000000000105090                SaveFile_SetOwnedTradeItemEquipped

.text.Settings_ApplyDamageMultiplier
                0x0000000000105118      0x1d0
 .text.Settings_ApplyDamageMultiplier
                0x0000000000105118      0x1d0 settings.o
                0x0000000000105118                Settings_ApplyDamageMultiplier

.text.Settings_SetFullHealthRestore
                0x00000000001052e8       0x48
 .text.Settings_SetFullHealthRestore
                0x00000000001052e8       0x48 settings.o
                0x00000000001052e8                Settings_SetFullHealthRestore

.text.NoHealFromHealthUpgrades
                0x0000000000105330       0x18
 .text.NoHealFromHealthUpgrades
                0x0000000000105330       0x18 settings.o
                0x0000000000105330                NoHealFromHealthUpgrades

.text.NoHealFromBombchuBowlingPrize
                0x0000000000105348       0x18
 .text.NoHealFromBombchuBowlingPrize
                0x0000000000105348       0x18 settings.o
                0x0000000000105348                NoHealFromBombchuBowlingPrize

.text.FairyReviveHealAmount
                0x0000000000105360       0x18
 .text.FairyReviveHealAmount
                0x0000000000105360       0x18 settings.o
                0x0000000000105360                FairyReviveHealAmount

.text.FairyUseHealAmount
                0x0000000000105378       0x18
 .text.FairyUseHealAmount
                0x0000000000105378       0x18 settings.o
                0x0000000000105378                FairyUseHealAmount

.text.FairyPickupHealAmount
                0x0000000000105390        0x8
 .text.FairyPickupHealAmount
                0x0000000000105390        0x8 settings.o
                0x0000000000105390                FairyPickupHealAmount

.text.Settings_GetQuickTextOption
                0x0000000000105398       0x14
 .text.Settings_GetQuickTextOption
                0x0000000000105398       0x14 settings.o
                0x0000000000105398                Settings_GetQuickTextOption

.text.Settings_GetSongReplaysOption
                0x00000000001053ac       0x14
 .text.Settings_GetSongReplaysOption
                0x00000000001053ac       0x14 settings.o
                0x00000000001053ac                Settings_GetSongReplaysOption

.text.Settings_IsTurboText
                0x00000000001053c0        0xc
 .text.Settings_IsTurboText
                0x00000000001053c0        0xc settings.o
                0x00000000001053c0                Settings_IsTurboText

.text.Settings_SkipSongReplays
                0x00000000001053cc        0x8
 .text.Settings_SkipSongReplays
                0x00000000001053cc        0x8 settings.o
                0x00000000001053cc                Settings_SkipSongReplays

.text.Hash      0x00000000001053d4      0x104
 .text.Hash     0x00000000001053d4      0x104 settings.o
                0x00000000001053d4                Hash

.text.And       0x00000000001054d8       0x80
 .text.And      0x00000000001054d8       0x80 settings.o
                0x00000000001054d8                And

.text.Bias      0x0000000000105558       0xdc
 .text.Bias     0x0000000000105558       0xdc settings.o
                0x0000000000105558                Bias

.text.SpoilerData_GetItemLocationString
                0x0000000000105634       0x4c
 .text.SpoilerData_GetItemLocationString
                0x0000000000105634       0x4c spoiler_data.o
                0x0000000000105634                SpoilerData_GetItemLocationString

.text.SpoilerData_GetItemNameString
                0x0000000000105680       0x4c
 .text.SpoilerData_GetItemNameString
                0x0000000000105680       0x4c spoiler_data.o
                0x0000000000105680                SpoilerData_GetItemNameString

.rodata         0x00000000001056cc      0x398
 .rodata        0x00000000001056cc       0x78 icetrap.o
                0x00000000001056cc                SCALE_TRAP
 .rodata        0x0000000000105744      0x320 settings.o
                0x0000000000105744                hashIconNames

.rel.dyn        0x0000000000105a64        0x0
 .rel.iplt      0x0000000000105a64        0x0 custom_models.o

.data           0x0000000000105a64     0x17ac
 .data          0x0000000000105a64       0x3f custom_models.o
                0x0000000000105a64                SmallKeyData
 *fill*         0x0000000000105aa3        0x1 
 .data          0x0000000000105aa4       0x1a entrance.o
 .data          0x0000000000105abe        0x0 giants_knife.o
 .data          0x0000000000105abe        0x0 icetrap.o
 .data          0x0000000000105abe        0x0 item_effect.o
 .data          0x0000000000105abe        0x0 item_override.o
 *fill*         0x0000000000105abe        0x2 
 .data          0x0000000000105ac0     0x174c item_table.o
 .data          0x000000000010720c        0x0 item_upgrade.o
 .data          0x000000000010720c        0x4 message.o
                0x000000000010720c                numCustomMessageEntries
 .data          0x0000000000107210        0x0 objects.o
 .data          0x0000000000107210        0x0 rHeap.o
 .data          0x0000000000107210        0x0 savefile.o
 .data          0x0000000000107210        0x0 settings.o
 .data          0x0000000000107210        0x0 spoiler_data.o

.igot.plt       0x0000000000107210        0x0
 .igot.plt      0x0000000000107210        0x0 custom_models.o

.bss            0x0000000000107210     0x7b48
 .bss           0x0000000000107210        0x0 custom_models.o
 .bss           0x0000000000107210      0x602 entrance.o
 .bss           0x0000000000107812        0x0 giants_knife.o
 *fill*         0x0000000000107812        0x2 
 .bss           0x0000000000107814       0x44 icetrap.o
 .bss           0x0000000000107858        0x0 item_effect.o
 .bss           0x0000000000107858     0x1441 item_override.o
                0x0000000000108c80                rActiveItemRow
                0x0000000000108c84                rActiveItemActionId
                0x0000000000108c88                rActiveItemTextId
                0x0000000000108c8c                rActiveItemObjectId
                0x0000000000108c90                rActiveItemGraphicId
                0x0000000000108c94                rActiveItemFastChest
 .bss           0x0000000000108c99        0x0 item_table.o
 .bss           0x0000000000108c99        0x0 item_upgrade.o
 *fill*         0x0000000000108c99        0x3 
 .bss           0x0000000000108c9c        0x4 message.o
                0x0000000000108c9c                ptrCustomMessageEntries
 .bss           0x0000000000108ca0      0x984 objects.o
                0x0000000000108ca0                rExtendedObjectCtx
 .bss           0x0000000000109624      0x1b8 rHeap.o
                0x0000000000109624                rHeap
                0x00000000001097d8                rHeap_Next
 .bss           0x00000000001097dc        0x0 savefile.o
 .bss           0x00000000001097dc       0xa5 settings.o
                0x00000000001097dc                gSettingsContext
                0x0000000000109880                Damage32
 *fill*         0x0000000000109881        0x3 
 .bss           0x0000000000109884     0x54d4 spoiler_data.o
                0x0000000000109884                gSpoilerData

.patch_loader
 *(.patch_loader)
OUTPUT(C:/Users/SKREEE/Desktop/ZMM3DR/application/code/code.elf elf32-littlearm)
LOAD linker stubs

.debug_info     0x0000000000000000    0x1010c
 .debug_info    0x0000000000000000      0x27a custom_models.o
 .debug_info    0x000000000000027a     0x1608 entrance.o
 .debug_info    0x0000000000001882      0x896 giants_knife.o
 .debug_info    0x0000000000002118      0x1b7 icetrap.o
 .debug_info    0x00000000000022cf     0x1dbe item_effect.o
 .debug_info    0x000000000000408d     0x393b item_override.o
 .debug_info    0x00000000000079c8     0x1121 item_table.o
 .debug_info    0x0000000000008ae9     0x15e4 item_upgrade.o
 .debug_info    0x000000000000a0cd      0x296 message.o
 .debug_info    0x000000000000a363     0x160d objects.o
 .debug_info    0x000000000000b970      0x135 rHeap.o
 .debug_info    0x000000000000baa5     0x1cc4 savefile.o
 .debug_info    0x000000000000d769     0x2788 settings.o
 .debug_info    0x000000000000fef1      0x21b spoiler_data.o

.debug_abbrev   0x0000000000000000     0x1bff
 .debug_abbrev  0x0000000000000000      0x10d custom_models.o
 .debug_abbrev  0x000000000000010d      0x204 entrance.o
 .debug_abbrev  0x0000000000000311       0xf5 giants_knife.o
 .debug_abbrev  0x0000000000000406       0xe9 icetrap.o
 .debug_abbrev  0x00000000000004ef      0x27c item_effect.o
 .debug_abbrev  0x000000000000076b      0x534 item_override.o
 .debug_abbrev  0x0000000000000c9f      0x1f9 item_table.o
 .debug_abbrev  0x0000000000000e98      0x13e item_upgrade.o
 .debug_abbrev  0x0000000000000fd6      0x14a message.o
 .debug_abbrev  0x0000000000001120      0x272 objects.o
 .debug_abbrev  0x0000000000001392       0xde rHeap.o
 .debug_abbrev  0x0000000000001470      0x345 savefile.o
 .debug_abbrev  0x00000000000017b5      0x32c settings.o
 .debug_abbrev  0x0000000000001ae1      0x11e spoiler_data.o

.debug_aranges  0x0000000000000000      0x5b8
 .debug_aranges
                0x0000000000000000       0x58 custom_models.o
 .debug_aranges
                0x0000000000000058       0x68 entrance.o
 .debug_aranges
                0x00000000000000c0       0x20 giants_knife.o
 .debug_aranges
                0x00000000000000e0       0x40 icetrap.o
 .debug_aranges
                0x0000000000000120       0xe8 item_effect.o
 .debug_aranges
                0x0000000000000208       0xe0 item_override.o
 .debug_aranges
                0x00000000000002e8       0x40 item_table.o
 .debug_aranges
                0x0000000000000328       0xb0 item_upgrade.o
 .debug_aranges
                0x00000000000003d8       0x28 message.o
 .debug_aranges
                0x0000000000000400       0x48 objects.o
 .debug_aranges
                0x0000000000000448       0x28 rHeap.o
 .debug_aranges
                0x0000000000000470       0x98 savefile.o
 .debug_aranges
                0x0000000000000508       0x88 settings.o
 .debug_aranges
                0x0000000000000590       0x28 spoiler_data.o

.debug_rnglists
                0x0000000000000000      0x439
 .debug_rnglists
                0x0000000000000000       0x43 custom_models.o
 .debug_rnglists
                0x0000000000000043       0x4c entrance.o
 .debug_rnglists
                0x000000000000008f       0x14 giants_knife.o
 .debug_rnglists
                0x00000000000000a3       0x2b icetrap.o
 .debug_rnglists
                0x00000000000000ce       0xb0 item_effect.o
 .debug_rnglists
                0x000000000000017e       0xb8 item_override.o
 .debug_rnglists
                0x0000000000000236       0x2b item_table.o
 .debug_rnglists
                0x0000000000000261       0x80 item_upgrade.o
 .debug_rnglists
                0x00000000000002e1       0x1a message.o
 .debug_rnglists
                0x00000000000002fb       0x33 objects.o
 .debug_rnglists
                0x000000000000032e       0x19 rHeap.o
 .debug_rnglists
                0x0000000000000347       0x74 savefile.o
 .debug_rnglists
                0x00000000000003bb       0x65 settings.o
 .debug_rnglists
                0x0000000000000420       0x19 spoiler_data.o

.debug_line     0x0000000000000000     0x33c6
 .debug_line    0x0000000000000000      0x33d custom_models.o
 .debug_line    0x000000000000033d      0x434 entrance.o
 .debug_line    0x0000000000000771      0x16c giants_knife.o
 .debug_line    0x00000000000008dd      0x1a1 icetrap.o
 .debug_line    0x0000000000000a7e      0x650 item_effect.o
 .debug_line    0x00000000000010ce      0x7ae item_override.o
 .debug_line    0x000000000000187c      0x217 item_table.o
 .debug_line    0x0000000000001a93      0x439 item_upgrade.o
 .debug_line    0x0000000000001ecc      0x1c3 message.o
 .debug_line    0x000000000000208f      0x252 objects.o
 .debug_line    0x00000000000022e1      0x169 rHeap.o
 .debug_line    0x000000000000244a      0xa36 savefile.o
 .debug_line    0x0000000000002e80      0x3d0 settings.o
 .debug_line    0x0000000000003250      0x176 spoiler_data.o

.debug_str      0x0000000000000000     0x4ef8
 .debug_str     0x0000000000000000      0x2f3 custom_models.o
                                        0x33c (size before relaxing)
 .debug_str     0x00000000000002f3     0x11f2 entrance.o
                                       0x13c1 (size before relaxing)
 .debug_str     0x00000000000014e5       0xa3 giants_knife.o
                                        0xbae (size before relaxing)
 .debug_str     0x0000000000001588       0xc5 icetrap.o
                                        0x23d (size before relaxing)
 .debug_str     0x000000000000164d      0xfbc item_effect.o
                                       0x2004 (size before relaxing)
 .debug_str     0x0000000000002609     0x188d item_override.o
                                       0x3384 (size before relaxing)
 .debug_str     0x0000000000003e96      0x243 item_table.o
                                        0xbf9 (size before relaxing)
 .debug_str     0x00000000000040d9       0x43 item_upgrade.o
                                       0x1abb (size before relaxing)
 .debug_str     0x000000000000411c       0xfb message.o
                                        0x2a8 (size before relaxing)
 .debug_str     0x0000000000004217      0x11a objects.o
                                        0xb6c (size before relaxing)
 .debug_str     0x0000000000004331       0x65 rHeap.o
                                        0x1e3 (size before relaxing)
 .debug_str     0x0000000000004396      0x7ee savefile.o
                                       0x24f1 (size before relaxing)
 .debug_str     0x0000000000004b84      0x254 settings.o
                                       0x1b1b (size before relaxing)
 .debug_str     0x0000000000004dd8      0x120 spoiler_data.o
                                        0x2a4 (size before relaxing)

.comment        0x0000000000000000       0x23
 .comment       0x0000000000000000       0x23 custom_models.o
                                         0x24 (size before relaxing)
 .comment       0x0000000000000023       0x24 entrance.o
 .comment       0x0000000000000023       0x24 giants_knife.o
 .comment       0x0000000000000023       0x24 icetrap.o
 .comment       0x0000000000000023       0x24 item_effect.o
 .comment       0x0000000000000023       0x24 item_override.o
 .comment       0x0000000000000023       0x24 item_table.o
 .comment       0x0000000000000023       0x24 item_upgrade.o
 .comment       0x0000000000000023       0x24 message.o
 .comment       0x0000000000000023       0x24 objects.o
 .comment       0x0000000000000023       0x24 rHeap.o
 .comment       0x0000000000000023       0x24 savefile.o
 .comment       0x0000000000000023       0x24 settings.o
 .comment       0x0000000000000023       0x24 spoiler_data.o

.ARM.attributes
                0x0000000000000000       0x2e
 .ARM.attributes
                0x0000000000000000       0x2e custom_models.o
 .ARM.attributes
                0x000000000000002e       0x2e entrance.o
 .ARM.attributes
                0x000000000000005c       0x2e giants_knife.o
 .ARM.attributes
                0x000000000000008a       0x2e icetrap.o
 .ARM.attributes
                0x00000000000000b8       0x2e item_effect.o
 .ARM.attributes
                0x00000000000000e6       0x2e item_override.o
 .ARM.attributes
                0x0000000000000114       0x2e item_table.o
 .ARM.attributes
                0x0000000000000142       0x2e item_upgrade.o
 .ARM.attributes
                0x0000000000000170       0x2e message.o
 .ARM.attributes
                0x000000000000019e       0x2e objects.o
 .ARM.attributes
                0x00000000000001cc       0x2e rHeap.o
 .ARM.attributes
                0x00000000000001fa       0x2e savefile.o
 .ARM.attributes
                0x0000000000000228       0x2e settings.o
 .ARM.attributes
                0x0000000000000256       0x2e spoiler_data.o

.debug_frame    0x0000000000000000      0xdb4
 .debug_frame   0x0000000000000000       0xc8 custom_models.o
 .debug_frame   0x00000000000000c8       0xd0 entrance.o
 .debug_frame   0x0000000000000198       0x28 giants_knife.o
 .debug_frame   0x00000000000001c0       0x68 icetrap.o
 .debug_frame   0x0000000000000228      0x294 item_effect.o
 .debug_frame   0x00000000000004bc      0x260 item_override.o
 .debug_frame   0x000000000000071c       0x90 item_table.o
 .debug_frame   0x00000000000007ac      0x1d8 item_upgrade.o
 .debug_frame   0x0000000000000984       0x48 message.o
 .debug_frame   0x00000000000009cc       0xb0 objects.o
 .debug_frame   0x0000000000000a7c       0x38 rHeap.o
 .debug_frame   0x0000000000000ab4      0x184 savefile.o
 .debug_frame   0x0000000000000c38      0x13c settings.o
 .debug_frame   0x0000000000000d74       0x40 spoiler_data.o
